main.c:169:5:main	8	static
main.c:270:6:SystemClock_Config	88	static
main.c:310:13:MX_USART3_UART_Init	8	static
main.c:345:13:MX_GPIO_Init	16	static
main.c:355:6:HAL_UART_RxCpltCallback	16	static
main.c:371:6:StartDefaultTask	16	static
main.c:389:6:StartNothingTask	24	static
main.c:411:6:StartUpperCaseTask	24	static
main.c:432:6:StartLowerCaseTask	24	static
main.c:454:6:StartReceiveTask	32	static
main.c:511:6:HAL_TIM_PeriodElapsedCallback	16	static
main.c:528:6:Error_Handler	4	static,ignoring_inline_asm
